{
  "heartbeat": {
    "monitorID": 2,
    "status": 0,
    "time": "2026-07-06 06:53:20.902",
    "msg": "Request failed with status code 500",
    "important": true,
    "duration": 20,
    "timezone": "Asia/Calcutta",
    "timezoneOffset": "+05:30",
    "localDateTime": "2026-07-06 12:23:20"
  },
  "monitor": {
    "id": 2,
    "name": "Prove Backend E2E Monitor",
    "description": null,
    "pathName": "Prove Backend E2E Monitor",
    "parent": null,
    "childrenIDs": [],
    "url": "http://host.docker.internal:3000/api/test-health",
    "method": "GET",
    "hostname": null,
    "port": null,
    "maxretries": 3,
    "weight": 2000,
    "active": true,
    "forceInactive": false,
    "type": "http",
    "timeout": 16000,
    "interval": 20,
    "retryInterval": 20,
    "resendInterval": 0,
    "keyword": null,
    "invertKeyword": false,
    "expiryNotification": true,
    "ignoreTls": false,
    "upsideDown": false,
    "packetSize": 56,
    "maxredirects": 10,
    "accepted_statuscodes": [
      "200-299"
    ],
    "dns_resolve_type": null,
    "dns_resolve_server": null,
    "dns_last_result": null,
    "docker_container": null,
    "docker_host": null,
    "proxyId": null,
    "notificationIDList": {
      "1": true
    },
    "tags": [],
    "maintenance": false,
    "mqttTopic": null,
    "mqttSuccessMessage": null,
    "databaseQuery": null,
    "authMethod": null,
    "grpcUrl": null,
    "grpcProtobuf": null,
    "grpcMethod": null,
    "grpcServiceName": null,
    "grpcEnableTls": false,
    "radiusCalledStationId": null,
    "radiusCallingStationId": null,
    "game": null,
    "gamedigGivenPortOnly": true,
    "httpBodyEncoding": null,
    "jsonPath": null,
    "expectedValue": null,
    "kafkaProducerTopic": null,
    "kafkaProducerBrokers": null,
    "kafkaProducerSsl": false,
    "kafkaProducerAllowAutoTopicCreation": false,
    "kafkaProducerMessage": null,
    "screenshot": null,
    "includeSensitiveData": false
  },
  "msg": "[Prove Backend E2E Monitor] [🔴 Down] Request failed with status code 500"
}
---
{
  "heartbeat": {
    "monitorID": 2,
    "status": 1,
    "time": "2026-07-06 06:53:41.089",
    "msg": "200 - OK",
    "ping": 23,
    "important": true,
    "duration": 20,
    "timezone": "Asia/Calcutta",
    "timezoneOffset": "+05:30",
    "localDateTime": "2026-07-06 12:23:41"
  },
  "monitor": {
    "id": 2,
    "name": "Prove Backend E2E Monitor",
    "description": null,
    "pathName": "Prove Backend E2E Monitor",
    "parent": null,
    "childrenIDs": [],
    "url": "http://host.docker.internal:3000/api/test-health",
    "method": "GET",
    "hostname": null,
    "port": null,
    "maxretries": 3,
    "weight": 2000,
    "active": true,
    "forceInactive": false,
    "type": "http",
    "timeout": 16000,
    "interval": 20,
    "retryInterval": 20,
    "resendInterval": 0,
    "keyword": null,
    "invertKeyword": false,
    "expiryNotification": true,
    "ignoreTls": false,
    "upsideDown": false,
    "packetSize": 56,
    "maxredirects": 10,
    "accepted_statuscodes": [
      "200-299"
    ],
    "dns_resolve_type": null,
    "dns_resolve_server": null,
    "dns_last_result": null,
    "docker_container": null,
    "docker_host": null,
    "proxyId": null,
    "notificationIDList": {
      "1": true
    },
    "tags": [],
    "maintenance": false,
    "mqttTopic": null,
    "mqttSuccessMessage": null,
    "databaseQuery": null,
    "authMethod": null,
    "grpcUrl": null,
    "grpcProtobuf": null,
    "grpcMethod": null,
    "grpcServiceName": null,
    "grpcEnableTls": false,
    "radiusCalledStationId": null,
    "radiusCallingStationId": null,
    "game": null,
    "gamedigGivenPortOnly": true,
    "httpBodyEncoding": null,
    "jsonPath": null,
    "expectedValue": null,
    "kafkaProducerTopic": null,
    "kafkaProducerBrokers": null,
    "kafkaProducerSsl": false,
    "kafkaProducerAllowAutoTopicCreation": false,
    "kafkaProducerMessage": null,
    "screenshot": null,
    "includeSensitiveData": false
  },
  "msg": "[Prove Backend E2E Monitor] [✅ Up] 200 - OK"
}
---
